src/App.tsx(1,8): error TS6133: 'React' is declared but its value is never read.
src/App.tsx(10,10): error TS1484: 'Milestone' is a type and must be imported using a type-only import when 'verbatimModuleSyntax' is enabled.
src/App.tsx(14,34): error TS6133: 'totalSteps' is declared but its value is never read.
src/components/ActivityLogger.tsx(3,40): error TS6133: 'User' is declared but its value is never read.
src/components/ConsistencyGrid.tsx(2,10): error TS1484: 'ActivityLog' is a type and must be imported using a type-only import when 'verbatimModuleSyntax' is enabled.
src/components/DynamicSync.tsx(10,67): error TS6133: 'lastSynced' is declared but its value is never read.
src/components/EverestPath.tsx(2,22): error TS1484: 'Milestone' is a type and must be imported using a type-only import when 'verbatimModuleSyntax' is enabled.
src/components/MilestoneModal.tsx(2,10): error TS1484: 'Milestone' is a type and must be imported using a type-only import when 'verbatimModuleSyntax' is enabled.
src/components/SummitStatus.tsx(2,10): error TS1484: 'Milestone' is a type and must be imported using a type-only import when 'verbatimModuleSyntax' is enabled.
src/components/SummitStatus.tsx(2,10): error TS6133: 'Milestone' is declared but its value is never read.
src/components/TeamStats.tsx(3,10): error TS1484: 'ActivityLog' is a type and must be imported using a type-only import when 'verbatimModuleSyntax' is enabled.
